18:29:21 **** Build of project standalone_bsp_0 ****
make -k all 
libgen -hw ../ethernet_hw_platform/system.xml\
	       \
	       -pe microblaze_0 \
	       -log libgen.log \
	       system.mss
libgen
Xilinx EDK 14.7 Build EDK_P.20131013
Copyright (c) 1995-2012 Xilinx, Inc.  All rights reserved.

Command Line: libgen -hw ../ethernet_hw_platform/system.xml -pe microblaze_0
-log libgen.log system.mss 


Staging source files.
Running DRCs.
Running generate.
Running post_generate.
Running include - 'make -s include "COMPILER=mb-gcc" "ARCHIVER=mb-ar"
"COMPILER_FLAGS=-mlittle-endian -mno-xl-soft-mul -mxl-barrel-shift
-mxl-pattern-compare -mno-xl-soft-div -mcpu=v8.50.c  -O2 -c"
"EXTRA_COMPILER_FLAGS=-g -ffunction-sections -fdata-sections"'.

Running libs - 'make -s libs "COMPILER=mb-gcc" "ARCHIVER=mb-ar"
"COMPILER_FLAGS=-mlittle-endian -mno-xl-soft-mul -mxl-barrel-shift
-mxl-pattern-compare -mno-xl-soft-div -mcpu=v8.50.c  -O2 -c"
"EXTRA_COMPILER_FLAGS=-g -ffunction-sections -fdata-sections"'.
"Compiling common"
"Compiling standalone";
"Compiling tmrctr"
"Compiling uartlite"
"Compiling gpio"
"Compiling emaclite"
"Compiling iic"
"Compiling bram"
"Compiling intc"
"Compiling cpu"
Running execs_generate.
'Finished building libraries'

**** Build of configuration Debug for project mpu6050 ****

Nothing to build for project mpu6050
18:32:22 **** Auto Build of configuration Debug for project mpu6050 ****
make all 
'Building file: ../src/display.c'
'Invoking: MicroBlaze gcc compiler'
mb-gcc -Wall -O0 -g3 -c -fmessage-length=0 -I../../standalone_bsp_0/microblaze_0/include -mlittle-endian -mxl-barrel-shift -mxl-pattern-compare -mno-xl-soft-div -mcpu=v8.50.c -mno-xl-soft-mul -Wl,--no-relax -ffunction-sections -fdata-sections -MMD -MP -MF"src/display.d" -MT"src/display.d" -o "src/display.o" "../src/display.c"
'Finished building: ../src/display.c'
' '
'Building file: ../src/main.c'
'Invoking: MicroBlaze gcc compiler'
mb-gcc -Wall -O0 -g3 -c -fmessage-length=0 -I../../standalone_bsp_0/microblaze_0/include -mlittle-endian -mxl-barrel-shift -mxl-pattern-compare -mno-xl-soft-div -mcpu=v8.50.c -mno-xl-soft-mul -Wl,--no-relax -ffunction-sections -fdata-sections -MMD -MP -MF"src/main.d" -MT"src/main.d" -o "src/main.o" "../src/main.c"
'Finished building: ../src/main.c'
' '
'Building file: ../src/mpu6050.c'
'Invoking: MicroBlaze gcc compiler'
mb-gcc -Wall -O0 -g3 -c -fmessage-length=0 -I../../standalone_bsp_0/microblaze_0/include -mlittle-endian -mxl-barrel-shift -mxl-pattern-compare -mno-xl-soft-div -mcpu=v8.50.c -mno-xl-soft-mul -Wl,--no-relax -ffunction-sections -fdata-sections -MMD -MP -MF"src/mpu6050.d" -MT"src/mpu6050.d" -o "src/mpu6050.o" "../src/mpu6050.c"
'Finished building: ../src/mpu6050.c'
' '
'Building target: mpu6050.elf'
'Invoking: MicroBlaze gcc linker'
mb-gcc -Wl,-T -Wl,../src/lscript.ld -L../../standalone_bsp_0/microblaze_0/lib -mlittle-endian -mxl-barrel-shift -mxl-pattern-compare -mno-xl-soft-div -mcpu=v8.50.c -mno-xl-soft-mul -Wl,--no-relax -Wl,--gc-sections -o "mpu6050.elf"  ./src/display.o ./src/main.o ./src/mpu6050.o   -Wl,--start-group,-lxil,-lgcc,-lc,--end-group
'Finished building target: mpu6050.elf'
' '
'Invoking: MicroBlaze Print Size'
mb-size mpu6050.elf  |tee "mpu6050.elf.size"
   text	   data	    bss	    dec	    hex	filename
  30556	    440	  33004	  64000	   fa00	mpu6050.elf
'Finished building: mpu6050.elf.size'
' '
'Invoking: Xilinx ELF Check'
elfcheck mpu6050.elf -hw ../../ethernet_hw_platform/system.xml -pe microblaze_0  |tee "mpu6050.elf.elfcheck"
elfcheck
Xilinx EDK 14.7 Build EDK_P.20131013
Copyright (c) 1995-2012 Xilinx, Inc.  All rights reserved.

Command Line: elfcheck -hw ../../ethernet_hw_platform/system.xml -pe
microblaze_0 mpu6050.elf 

ELF file	: mpu6050.elf
ERROR:EDK:3165 - elfcheck failed!
The following sections did not fit into Processor  memory:
	Section .stack (0xBA30 - 0xFA2F)
	Section .heap (0x7A2C - 0xBA2F)
	Section .bss (0x7948 - 0x7A2B)
	Section .data (0x77A0 - 0x7947)
	Section .sdata2 (0x779C - 0x779F)
	Section .rodata (0x6F4C - 0x779B)
	Section .dtors (0x6F44 - 0x6F4B)
	Section .ctors (0x6F3C - 0x6F43)
	Section .fini (0x6F1C - 0x6F3B)
	Section .init (0x6EE0 - 0x6F1B)
	Section .text (0x50 - 0x6EDF)

Try using the linker script generation tools to generate an ELF that maps
correctly to your hardware design.
'Finished building: mpu6050.elf.elfcheck'
' '
18:32:44 **** Auto Build of configuration Debug for project mpu6050 ****
make all 
'Building file: ../src/main.c'
'Invoking: MicroBlaze gcc compiler'
mb-gcc -Wall -O0 -g3 -c -fmessage-length=0 -I../../standalone_bsp_0/microblaze_0/include -mlittle-endian -mxl-barrel-shift -mxl-pattern-compare -mno-xl-soft-div -mcpu=v8.50.c -mno-xl-soft-mul -Wl,--no-relax -ffunction-sections -fdata-sections -MMD -MP -MF"src/main.d" -MT"src/main.d" -o "src/main.o" "../src/main.c"
'Finished building: ../src/main.c'
' '
'Building target: mpu6050.elf'
'Invoking: MicroBlaze gcc linker'
mb-gcc -Wl,-T -Wl,../src/lscript.ld -L../../standalone_bsp_0/microblaze_0/lib -mlittle-endian -mxl-barrel-shift -mxl-pattern-compare -mno-xl-soft-div -mcpu=v8.50.c -mno-xl-soft-mul -Wl,--no-relax -Wl,--gc-sections -o "mpu6050.elf"  ./src/display.o ./src/main.o ./src/mpu6050.o   -Wl,--start-group,-lxil,-lgcc,-lc,--end-group
'Finished building target: mpu6050.elf'
' '
'Invoking: MicroBlaze Print Size'
mb-size mpu6050.elf  |tee "mpu6050.elf.size"
   text	   data	    bss	    dec	    hex	filename
  30556	    440	  33004	  64000	   fa00	mpu6050.elf
'Finished building: mpu6050.elf.size'
' '
'Invoking: Xilinx ELF Check'
elfcheck mpu6050.elf -hw ../../ethernet_hw_platform/system.xml -pe microblaze_0  |tee "mpu6050.elf.elfcheck"
elfcheck
Xilinx EDK 14.7 Build EDK_P.20131013
Copyright (c) 1995-2012 Xilinx, Inc.  All rights reserved.

Command Line: elfcheck -hw ../../ethernet_hw_platform/system.xml -pe
microblaze_0 mpu6050.elf 

ELF file	: mpu6050.elf
ERROR:EDK:3165 - elfcheck failed!
The following sections did not fit into Processor  memory:
	Section .stack (0xBA30 - 0xFA2F)
	Section .heap (0x7A2C - 0xBA2F)
	Section .bss (0x7948 - 0x7A2B)
	Section .data (0x77A0 - 0x7947)
	Section .sdata2 (0x779C - 0x779F)
	Section .rodata (0x6F4C - 0x779B)
	Section .dtors (0x6F44 - 0x6F4B)
	Section .ctors (0x6F3C - 0x6F43)
	Section .fini (0x6F1C - 0x6F3B)
	Section .init (0x6EE0 - 0x6F1B)
	Section .text (0x50 - 0x6EDF)

Try using the linker script generation tools to generate an ELF that maps
correctly to your hardware design.
'Finished building: mpu6050.elf.elfcheck'
' '
18:33:00 **** Auto Build of configuration Debug for project mpu6050 ****
make all 
'Building file: ../src/main.c'
'Invoking: MicroBlaze gcc compiler'
mb-gcc -Wall -O0 -g3 -c -fmessage-length=0 -I../../standalone_bsp_0/microblaze_0/include -mlittle-endian -mxl-barrel-shift -mxl-pattern-compare -mno-xl-soft-div -mcpu=v8.50.c -mno-xl-soft-mul -Wl,--no-relax -ffunction-sections -fdata-sections -MMD -MP -MF"src/main.d" -MT"src/main.d" -o "src/main.o" "../src/main.c"
'Finished building: ../src/main.c'
' '
'Building target: mpu6050.elf'
'Invoking: MicroBlaze gcc linker'
mb-gcc -Wl,-T -Wl,../src/lscript.ld -L../../standalone_bsp_0/microblaze_0/lib -mlittle-endian -mxl-barrel-shift -mxl-pattern-compare -mno-xl-soft-div -mcpu=v8.50.c -mno-xl-soft-mul -Wl,--no-relax -Wl,--gc-sections -o "mpu6050.elf"  ./src/display.o ./src/main.o ./src/mpu6050.o   -Wl,--start-group,-lxil,-lgcc,-lc,--end-group
c:/xilinx/14.7/ise_ds/edk/gnu/microblaze/nt/bin/../lib/gcc/microblaze-xilinx-elf/4.6.4/../../../../microblaze-xilinx-elf/bin/ld.exe: mpu6050.elf section `.text' will not fit in region `microblaze_0_i_bram_ctrl_microblaze_0_d_bram_ctrl'
c:/xilinx/14.7/ise_ds/edk/gnu/microblaze/nt/bin/../lib/gcc/microblaze-xilinx-elf/4.6.4/../../../../microblaze-xilinx-elf/bin/ld.exe: region `microblaze_0_i_bram_ctrl_microblaze_0_d_bram_ctrl' overflowed by 51352 bytes
collect2: ld returned 1 exit status
make: *** [mpu6050.elf] Error 1
18:37:07 **** Auto Build of configuration Debug for project mpu6050 ****
make all 
'Building target: mpu6050.elf'
'Invoking: MicroBlaze gcc linker'
mb-gcc -Wl,-T -Wl,../src/lscript.ld -L../../standalone_bsp_0/microblaze_0/lib -mlittle-endian -mxl-barrel-shift -mxl-pattern-compare -mno-xl-soft-div -mcpu=v8.50.c -mno-xl-soft-mul -Wl,--no-relax -Wl,--gc-sections -o "mpu6050.elf"  ./src/display.o ./src/main.o ./src/mpu6050.o   -Wl,--start-group,-lxil,-lgcc,-lc,--end-group
'Finished building target: mpu6050.elf'
' '
'Invoking: MicroBlaze Print Size'
mb-size mpu6050.elf  |tee "mpu6050.elf.size"
   text	   data	    bss	    dec	    hex	filename
  82176	   1608	  33056	 116840	  1c868	mpu6050.elf
'Finished building: mpu6050.elf.size'
' '
'Invoking: Xilinx ELF Check'
elfcheck mpu6050.elf -hw ../../ethernet_hw_platform/system.xml -pe microblaze_0  |tee "mpu6050.elf.elfcheck"
elfcheck
Xilinx EDK 14.7 Build EDK_P.20131013
Copyright (c) 1995-2012 Xilinx, Inc.  All rights reserved.

Command Line: elfcheck -hw ../../ethernet_hw_platform/system.xml -pe
microblaze_0 mpu6050.elf 

ELF file	: mpu6050.elf
elfcheck passed.
'Finished building: mpu6050.elf.elfcheck'
' '
18:37:41 **** Auto Build of project standalone_bsp_0 ****
make -k all 
'Finished building libraries'
18:38:28 **** Incremental Build of configuration Debug for project mpu6050 ****
make all 
make: No se hace nada para `all'.
18:39:49 **** Auto Build of configuration Debug for project mpu6050 ****
make all 
'Building file: ../src/main.c'
'Invoking: MicroBlaze gcc compiler'
mb-gcc -Wall -O0 -g3 -c -fmessage-length=0 -I../../standalone_bsp_0/microblaze_0/include -mlittle-endian -mxl-barrel-shift -mxl-pattern-compare -mno-xl-soft-div -mcpu=v8.50.c -mno-xl-soft-mul -Wl,--no-relax -ffunction-sections -fdata-sections -MMD -MP -MF"src/main.d" -MT"src/main.d" -o "src/main.o" "../src/main.c"
'Finished building: ../src/main.c'
' '
'Building target: mpu6050.elf'
'Invoking: MicroBlaze gcc linker'
mb-gcc -Wl,-T -Wl,../src/lscript.ld -L../../standalone_bsp_0/microblaze_0/lib -mlittle-endian -mxl-barrel-shift -mxl-pattern-compare -mno-xl-soft-div -mcpu=v8.50.c -mno-xl-soft-mul -Wl,--no-relax -Wl,--gc-sections -o "mpu6050.elf"  ./src/display.o ./src/main.o ./src/mpu6050.o   -Wl,--start-group,-lxil,-lgcc,-lc,--end-group
'Finished building target: mpu6050.elf'
' '
'Invoking: MicroBlaze Print Size'
mb-size mpu6050.elf  |tee "mpu6050.elf.size"
   text	   data	    bss	    dec	    hex	filename
  82176	   1608	  33056	 116840	  1c868	mpu6050.elf
'Finished building: mpu6050.elf.size'
' '
'Invoking: Xilinx ELF Check'
elfcheck mpu6050.elf -hw ../../ethernet_hw_platform/system.xml -pe microblaze_0  |tee "mpu6050.elf.elfcheck"
elfcheck
Xilinx EDK 14.7 Build EDK_P.20131013
Copyright (c) 1995-2012 Xilinx, Inc.  All rights reserved.

Command Line: elfcheck -hw ../../ethernet_hw_platform/system.xml -pe
microblaze_0 mpu6050.elf 

ELF file	: mpu6050.elf
elfcheck passed.
'Finished building: mpu6050.elf.elfcheck'
' '
18:39:52 **** Incremental Build of configuration Debug for project mpu6050 ****
make all 
make: No se hace nada para `all'.
18:44:55 **** Auto Build of configuration Debug for project mpu6050 ****
make all 
'Building file: ../src/main.c'
'Invoking: MicroBlaze gcc compiler'
mb-gcc -Wall -O0 -g3 -c -fmessage-length=0 -I../../standalone_bsp_0/microblaze_0/include -mlittle-endian -mxl-barrel-shift -mxl-pattern-compare -mno-xl-soft-div -mcpu=v8.50.c -mno-xl-soft-mul -Wl,--no-relax -ffunction-sections -fdata-sections -MMD -MP -MF"src/main.d" -MT"src/main.d" -o "src/main.o" "../src/main.c"
../src/main.c: In function 'main':
../src/main.c:88:40: error: expected expression before ')' token
make: *** [src/main.o] Error 1
18:45:40 **** Auto Build of configuration Debug for project mpu6050 ****
make all 
'Building file: ../src/main.c'
'Invoking: MicroBlaze gcc compiler'
mb-gcc -Wall -O0 -g3 -c -fmessage-length=0 -I../../standalone_bsp_0/microblaze_0/include -mlittle-endian -mxl-barrel-shift -mxl-pattern-compare -mno-xl-soft-div -mcpu=v8.50.c -mno-xl-soft-mul -Wl,--no-relax -ffunction-sections -fdata-sections -MMD -MP -MF"src/main.d" -MT"src/main.d" -o "src/main.o" "../src/main.c"
'Finished building: ../src/main.c'
' '
'Building target: mpu6050.elf'
'Invoking: MicroBlaze gcc linker'
mb-gcc -Wl,-T -Wl,../src/lscript.ld -L../../standalone_bsp_0/microblaze_0/lib -mlittle-endian -mxl-barrel-shift -mxl-pattern-compare -mno-xl-soft-div -mcpu=v8.50.c -mno-xl-soft-mul -Wl,--no-relax -Wl,--gc-sections -o "mpu6050.elf"  ./src/display.o ./src/main.o ./src/mpu6050.o   -Wl,--start-group,-lxil,-lgcc,-lc,--end-group
'Finished building target: mpu6050.elf'
' '
'Invoking: MicroBlaze Print Size'
mb-size mpu6050.elf  |tee "mpu6050.elf.size"
   text	   data	    bss	    dec	    hex	filename
  94568	   1608	  33056	 129232	  1f8d0	mpu6050.elf
'Finished building: mpu6050.elf.size'
' '
'Invoking: Xilinx ELF Check'
elfcheck mpu6050.elf -hw ../../ethernet_hw_platform/system.xml -pe microblaze_0  |tee "mpu6050.elf.elfcheck"
elfcheck
Xilinx EDK 14.7 Build EDK_P.20131013
Copyright (c) 1995-2012 Xilinx, Inc.  All rights reserved.

Command Line: elfcheck -hw ../../ethernet_hw_platform/system.xml -pe
microblaze_0 mpu6050.elf 

ELF file	: mpu6050.elf
elfcheck passed.
'Finished building: mpu6050.elf.elfcheck'
' '
18:45:59 **** Auto Build of configuration Debug for project mpu6050 ****
make all 
'Building file: ../src/mpu6050.c'
'Invoking: MicroBlaze gcc compiler'
mb-gcc -Wall -O0 -g3 -c -fmessage-length=0 -I../../standalone_bsp_0/microblaze_0/include -mlittle-endian -mxl-barrel-shift -mxl-pattern-compare -mno-xl-soft-div -mcpu=v8.50.c -mno-xl-soft-mul -Wl,--no-relax -ffunction-sections -fdata-sections -MMD -MP -MF"src/mpu6050.d" -MT"src/mpu6050.d" -o "src/mpu6050.o" "../src/mpu6050.c"
'Finished building: ../src/mpu6050.c'
' '
'Building target: mpu6050.elf'
'Invoking: MicroBlaze gcc linker'
mb-gcc -Wl,-T -Wl,../src/lscript.ld -L../../standalone_bsp_0/microblaze_0/lib -mlittle-endian -mxl-barrel-shift -mxl-pattern-compare -mno-xl-soft-div -mcpu=v8.50.c -mno-xl-soft-mul -Wl,--no-relax -Wl,--gc-sections -o "mpu6050.elf"  ./src/display.o ./src/main.o ./src/mpu6050.o   -Wl,--start-group,-lxil,-lgcc,-lc,--end-group
'Finished building target: mpu6050.elf'
' '
'Invoking: MicroBlaze Print Size'
mb-size mpu6050.elf  |tee "mpu6050.elf.size"
   text	   data	    bss	    dec	    hex	filename
  94488	   1608	  33056	 129152	  1f880	mpu6050.elf
'Finished building: mpu6050.elf.size'
' '
'Invoking: Xilinx ELF Check'
elfcheck mpu6050.elf -hw ../../ethernet_hw_platform/system.xml -pe microblaze_0  |tee "mpu6050.elf.elfcheck"
elfcheck
Xilinx EDK 14.7 Build EDK_P.20131013
Copyright (c) 1995-2012 Xilinx, Inc.  All rights reserved.

Command Line: elfcheck -hw ../../ethernet_hw_platform/system.xml -pe
microblaze_0 mpu6050.elf 

ELF file	: mpu6050.elf
elfcheck passed.
'Finished building: mpu6050.elf.elfcheck'
' '
18:46:51 **** Incremental Build of configuration Debug for project mpu6050 ****
make all 
make: No se hace nada para `all'.
18:48:15 **** Auto Build of configuration Debug for project mpu6050 ****
make all 
'Building file: ../src/main.c'
'Invoking: MicroBlaze gcc compiler'
mb-gcc -Wall -O0 -g3 -c -fmessage-length=0 -I../../standalone_bsp_0/microblaze_0/include -mlittle-endian -mxl-barrel-shift -mxl-pattern-compare -mno-xl-soft-div -mcpu=v8.50.c -mno-xl-soft-mul -Wl,--no-relax -ffunction-sections -fdata-sections -MMD -MP -MF"src/main.d" -MT"src/main.d" -o "src/main.o" "../src/main.c"
'Finished building: ../src/main.c'
' '
'Building target: mpu6050.elf'
'Invoking: MicroBlaze gcc linker'
mb-gcc -Wl,-T -Wl,../src/lscript.ld -L../../standalone_bsp_0/microblaze_0/lib -mlittle-endian -mxl-barrel-shift -mxl-pattern-compare -mno-xl-soft-div -mcpu=v8.50.c -mno-xl-soft-mul -Wl,--no-relax -Wl,--gc-sections -o "mpu6050.elf"  ./src/display.o ./src/main.o ./src/mpu6050.o   -Wl,--start-group,-lxil,-lgcc,-lc,--end-group
'Finished building target: mpu6050.elf'
' '
'Invoking: MicroBlaze Print Size'
mb-size mpu6050.elf  |tee "mpu6050.elf.size"
   text	   data	    bss	    dec	    hex	filename
  94480	   1608	  33056	 129144	  1f878	mpu6050.elf
'Finished building: mpu6050.elf.size'
' '
'Invoking: Xilinx ELF Check'
elfcheck mpu6050.elf -hw ../../ethernet_hw_platform/system.xml -pe microblaze_0  |tee "mpu6050.elf.elfcheck"
elfcheck
Xilinx EDK 14.7 Build EDK_P.20131013
Copyright (c) 1995-2012 Xilinx, Inc.  All rights reserved.

Command Line: elfcheck -hw ../../ethernet_hw_platform/system.xml -pe
microblaze_0 mpu6050.elf 

ELF file	: mpu6050.elf
elfcheck passed.
'Finished building: mpu6050.elf.elfcheck'
' '
18:48:22 **** Incremental Build of configuration Debug for project mpu6050 ****
make all 
make: No se hace nada para `all'.
18:49:42 **** Auto Build of configuration Debug for project mpu6050 ****
make all 
'Building file: ../src/main.c'
'Invoking: MicroBlaze gcc compiler'
mb-gcc -Wall -O0 -g3 -c -fmessage-length=0 -I../../standalone_bsp_0/microblaze_0/include -mlittle-endian -mxl-barrel-shift -mxl-pattern-compare -mno-xl-soft-div -mcpu=v8.50.c -mno-xl-soft-mul -Wl,--no-relax -ffunction-sections -fdata-sections -MMD -MP -MF"src/main.d" -MT"src/main.d" -o "src/main.o" "../src/main.c"
'Finished building: ../src/main.c'
' '
'Building target: mpu6050.elf'
'Invoking: MicroBlaze gcc linker'
mb-gcc -Wl,-T -Wl,../src/lscript.ld -L../../standalone_bsp_0/microblaze_0/lib -mlittle-endian -mxl-barrel-shift -mxl-pattern-compare -mno-xl-soft-div -mcpu=v8.50.c -mno-xl-soft-mul -Wl,--no-relax -Wl,--gc-sections -o "mpu6050.elf"  ./src/display.o ./src/main.o ./src/mpu6050.o   -Wl,--start-group,-lxil,-lgcc,-lc,--end-group
'Finished building target: mpu6050.elf'
' '
'Invoking: MicroBlaze Print Size'
mb-size mpu6050.elf  |tee "mpu6050.elf.size"
   text	   data	    bss	    dec	    hex	filename
  94480	   1608	  33056	 129144	  1f878	mpu6050.elf
'Finished building: mpu6050.elf.size'
' '
'Invoking: Xilinx ELF Check'
elfcheck mpu6050.elf -hw ../../ethernet_hw_platform/system.xml -pe microblaze_0  |tee "mpu6050.elf.elfcheck"
elfcheck
Xilinx EDK 14.7 Build EDK_P.20131013
Copyright (c) 1995-2012 Xilinx, Inc.  All rights reserved.

Command Line: elfcheck -hw ../../ethernet_hw_platform/system.xml -pe
microblaze_0 mpu6050.elf 

ELF file	: mpu6050.elf
elfcheck passed.
'Finished building: mpu6050.elf.elfcheck'
' '
18:49:45 **** Incremental Build of configuration Debug for project mpu6050 ****
make all 
make: No se hace nada para `all'.
18:51:33 **** Auto Build of configuration Debug for project mpu6050 ****
make all 
'Building file: ../src/mpu6050.c'
'Invoking: MicroBlaze gcc compiler'
mb-gcc -Wall -O0 -g3 -c -fmessage-length=0 -I../../standalone_bsp_0/microblaze_0/include -mlittle-endian -mxl-barrel-shift -mxl-pattern-compare -mno-xl-soft-div -mcpu=v8.50.c -mno-xl-soft-mul -Wl,--no-relax -ffunction-sections -fdata-sections -MMD -MP -MF"src/mpu6050.d" -MT"src/mpu6050.d" -o "src/mpu6050.o" "../src/mpu6050.c"
'Finished building: ../src/mpu6050.c'
' '
'Building target: mpu6050.elf'
'Invoking: MicroBlaze gcc linker'
mb-gcc -Wl,-T -Wl,../src/lscript.ld -L../../standalone_bsp_0/microblaze_0/lib -mlittle-endian -mxl-barrel-shift -mxl-pattern-compare -mno-xl-soft-div -mcpu=v8.50.c -mno-xl-soft-mul -Wl,--no-relax -Wl,--gc-sections -o "mpu6050.elf"  ./src/display.o ./src/main.o ./src/mpu6050.o   -Wl,--start-group,-lxil,-lgcc,-lc,--end-group
'Finished building target: mpu6050.elf'
' '
'Invoking: MicroBlaze Print Size'
mb-size mpu6050.elf  |tee "mpu6050.elf.size"
   text	   data	    bss	    dec	    hex	filename
  94480	   1608	  33056	 129144	  1f878	mpu6050.elf
'Finished building: mpu6050.elf.size'
' '
'Invoking: Xilinx ELF Check'
elfcheck mpu6050.elf -hw ../../ethernet_hw_platform/system.xml -pe microblaze_0  |tee "mpu6050.elf.elfcheck"
elfcheck
Xilinx EDK 14.7 Build EDK_P.20131013
Copyright (c) 1995-2012 Xilinx, Inc.  All rights reserved.

Command Line: elfcheck -hw ../../ethernet_hw_platform/system.xml -pe
microblaze_0 mpu6050.elf 

ELF file	: mpu6050.elf
elfcheck passed.
'Finished building: mpu6050.elf.elfcheck'
' '
18:51:40 **** Incremental Build of configuration Debug for project mpu6050 ****
make all 
make: No se hace nada para `all'.
18:53:02 **** Auto Build of configuration Debug for project mpu6050 ****
make all 
'Building file: ../src/main.c'
'Invoking: MicroBlaze gcc compiler'
mb-gcc -Wall -O0 -g3 -c -fmessage-length=0 -I../../standalone_bsp_0/microblaze_0/include -mlittle-endian -mxl-barrel-shift -mxl-pattern-compare -mno-xl-soft-div -mcpu=v8.50.c -mno-xl-soft-mul -Wl,--no-relax -ffunction-sections -fdata-sections -MMD -MP -MF"src/main.d" -MT"src/main.d" -o "src/main.o" "../src/main.c"
'Finished building: ../src/main.c'
' '
'Building target: mpu6050.elf'
'Invoking: MicroBlaze gcc linker'
mb-gcc -Wl,-T -Wl,../src/lscript.ld -L../../standalone_bsp_0/microblaze_0/lib -mlittle-endian -mxl-barrel-shift -mxl-pattern-compare -mno-xl-soft-div -mcpu=v8.50.c -mno-xl-soft-mul -Wl,--no-relax -Wl,--gc-sections -o "mpu6050.elf"  ./src/display.o ./src/main.o ./src/mpu6050.o   -Wl,--start-group,-lxil,-lgcc,-lc,--end-group
'Finished building target: mpu6050.elf'
' '
'Invoking: MicroBlaze Print Size'
mb-size mpu6050.elf  |tee "mpu6050.elf.size"
   text	   data	    bss	    dec	    hex	filename
  94480	   1608	  33056	 129144	  1f878	mpu6050.elf
'Finished building: mpu6050.elf.size'
' '
'Invoking: Xilinx ELF Check'
elfcheck mpu6050.elf -hw ../../ethernet_hw_platform/system.xml -pe microblaze_0  |tee "mpu6050.elf.elfcheck"
elfcheck
Xilinx EDK 14.7 Build EDK_P.20131013
Copyright (c) 1995-2012 Xilinx, Inc.  All rights reserved.

Command Line: elfcheck -hw ../../ethernet_hw_platform/system.xml -pe
microblaze_0 mpu6050.elf 

ELF file	: mpu6050.elf
elfcheck passed.
'Finished building: mpu6050.elf.elfcheck'
' '
18:53:34 **** Incremental Build of configuration Debug for project mpu6050 ****
make all 
make: No se hace nada para `all'.
18:53:42 **** Incremental Build of configuration Debug for project mpu6050 ****
make all 
make: No se hace nada para `all'.
18:54:18 **** Auto Build of project standalone_bsp_0 ****
make -k all 
'Finished building libraries'
18:54:20 **** Incremental Build of configuration Debug for project mpu6050 ****
make all 
make: No se hace nada para `all'.
18:55:18 **** Auto Build of configuration Debug for project mpu6050 ****
make all 
'Building file: ../src/main.c'
'Invoking: MicroBlaze gcc compiler'
mb-gcc -Wall -O0 -g3 -c -fmessage-length=0 -I../../standalone_bsp_0/microblaze_0/include -mlittle-endian -mxl-barrel-shift -mxl-pattern-compare -mno-xl-soft-div -mcpu=v8.50.c -mno-xl-soft-mul -Wl,--no-relax -ffunction-sections -fdata-sections -MMD -MP -MF"src/main.d" -MT"src/main.d" -o "src/main.o" "../src/main.c"
'Finished building: ../src/main.c'
' '
'Building target: mpu6050.elf'
'Invoking: MicroBlaze gcc linker'
mb-gcc -Wl,-T -Wl,../src/lscript.ld -L../../standalone_bsp_0/microblaze_0/lib -mlittle-endian -mxl-barrel-shift -mxl-pattern-compare -mno-xl-soft-div -mcpu=v8.50.c -mno-xl-soft-mul -Wl,--no-relax -Wl,--gc-sections -o "mpu6050.elf"  ./src/display.o ./src/main.o ./src/mpu6050.o   -Wl,--start-group,-lxil,-lgcc,-lc,--end-group
'Finished building target: mpu6050.elf'
' '
'Invoking: MicroBlaze Print Size'
mb-size mpu6050.elf  |tee "mpu6050.elf.size"
   text	   data	    bss	    dec	    hex	filename
  94480	   1608	  33056	 129144	  1f878	mpu6050.elf
'Finished building: mpu6050.elf.size'
' '
'Invoking: Xilinx ELF Check'
elfcheck mpu6050.elf -hw ../../ethernet_hw_platform/system.xml -pe microblaze_0  |tee "mpu6050.elf.elfcheck"
elfcheck
Xilinx EDK 14.7 Build EDK_P.20131013
Copyright (c) 1995-2012 Xilinx, Inc.  All rights reserved.

Command Line: elfcheck -hw ../../ethernet_hw_platform/system.xml -pe
microblaze_0 mpu6050.elf 

ELF file	: mpu6050.elf
elfcheck passed.
'Finished building: mpu6050.elf.elfcheck'
' '
18:55:22 **** Incremental Build of configuration Debug for project mpu6050 ****
make all 
make: No se hace nada para `all'.
18:55:56 **** Auto Build of configuration Debug for project mpu6050 ****
make all 
'Building file: ../src/main.c'
'Invoking: MicroBlaze gcc compiler'
mb-gcc -Wall -O0 -g3 -c -fmessage-length=0 -I../../standalone_bsp_0/microblaze_0/include -mlittle-endian -mxl-barrel-shift -mxl-pattern-compare -mno-xl-soft-div -mcpu=v8.50.c -mno-xl-soft-mul -Wl,--no-relax -ffunction-sections -fdata-sections -MMD -MP -MF"src/main.d" -MT"src/main.d" -o "src/main.o" "../src/main.c"
'Finished building: ../src/main.c'
' '
'Building target: mpu6050.elf'
'Invoking: MicroBlaze gcc linker'
mb-gcc -Wl,-T -Wl,../src/lscript.ld -L../../standalone_bsp_0/microblaze_0/lib -mlittle-endian -mxl-barrel-shift -mxl-pattern-compare -mno-xl-soft-div -mcpu=v8.50.c -mno-xl-soft-mul -Wl,--no-relax -Wl,--gc-sections -o "mpu6050.elf"  ./src/display.o ./src/main.o ./src/mpu6050.o   -Wl,--start-group,-lxil,-lgcc,-lc,--end-group
'Finished building target: mpu6050.elf'
' '
'Invoking: MicroBlaze Print Size'
mb-size mpu6050.elf  |tee "mpu6050.elf.size"
   text	   data	    bss	    dec	    hex	filename
  94484	   1608	  33060	 129152	  1f880	mpu6050.elf
'Finished building: mpu6050.elf.size'
' '
'Invoking: Xilinx ELF Check'
elfcheck mpu6050.elf -hw ../../ethernet_hw_platform/system.xml -pe microblaze_0  |tee "mpu6050.elf.elfcheck"
elfcheck
Xilinx EDK 14.7 Build EDK_P.20131013
Copyright (c) 1995-2012 Xilinx, Inc.  All rights reserved.

Command Line: elfcheck -hw ../../ethernet_hw_platform/system.xml -pe
microblaze_0 mpu6050.elf 

ELF file	: mpu6050.elf
elfcheck passed.
'Finished building: mpu6050.elf.elfcheck'
' '
