17:28:14 **** Auto Build of configuration Debug for project mpu6050 ****
make all 
'Building file: ../src/main.c'
'Invoking: MicroBlaze gcc compiler'
mb-gcc -Wall -O3 -g3 -c -fmessage-length=0 -I../../mpu6050_bsp/microblaze_0/include -mlittle-endian -mxl-barrel-shift -mxl-pattern-compare -mcpu=v8.50.c -mno-xl-soft-mul -Wl,--no-relax -ffunction-sections -fdata-sections -MMD -MP -MF"src/main.d" -MT"src/main.d" -o "src/main.o" "../src/main.c"
'Finished building: ../src/main.c'
' '
'Building target: mpu6050.elf'
'Invoking: MicroBlaze gcc linker'
mb-gcc -Wl,-T -Wl,../src/lscript.ld -L../../mpu6050_bsp/microblaze_0/lib -mlittle-endian -mxl-barrel-shift -mxl-pattern-compare -mcpu=v8.50.c -mno-xl-soft-mul -Wl,--no-relax -Wl,--gc-sections -o "mpu6050.elf"  ./src/display.o ./src/main.o ./src/mpu6050.o   -Wl,--start-group,-lxil,-lgcc,-lc,--end-group
'Finished building target: mpu6050.elf'
' '
'Invoking: MicroBlaze Print Size'
mb-size mpu6050.elf  |tee "mpu6050.elf.size"
   text	   data	    bss	    dec	    hex	filename
  31244	    456	  33004	  64704	   fcc0	mpu6050.elf
'Finished building: mpu6050.elf.size'
' '
'Invoking: Xilinx ELF Check'
elfcheck mpu6050.elf -hw ../../mpu6050_hw_platform/system.xml -pe microblaze_0  |tee "mpu6050.elf.elfcheck"
elfcheck
Xilinx EDK 14.7 Build EDK_P.20131013
Copyright (c) 1995-2012 Xilinx, Inc.  All rights reserved.

Command Line: elfcheck -hw ../../mpu6050_hw_platform/system.xml -pe microblaze_0
mpu6050.elf 

ELF file	: mpu6050.elf
elfcheck passed.
'Finished building: mpu6050.elf.elfcheck'
' '

17:28:16 Build Finished (took 2s.251ms)

